
  .   ____          _            __ _ _
 /\\ / ___'_ __ _ _(_)_ __  __ _ \ \ \ \
( ( )\___ | '_ | '_| | '_ \/ _` | \ \ \ \
 \\/  ___)| |_)| | | | | || (_| |  ) ) ) )
  '  |____| .__|_| |_|_| |_\__, | / / / /
 =========|_|==============|___/=/_/_/_/

 :: Spring Boot ::                (v4.1.0)

2026-08-06T23:17:08.360+05:30  INFO 17196 --- [temple-donation-backend] [           main] c.t.d.TempleDonationBackendApplication   : Starting TempleDonationBackendApplication v0.0.1-SNAPSHOT using Java 21.0.8 with PID 17196 (C:\Workspace\temple-donation-backend\target\temple-donation-backend-0.0.1-SNAPSHOT.jar started by JAYAGURU in C:\Workspace\temple-donation-backend)
2026-08-06T23:17:08.383+05:30  INFO 17196 --- [temple-donation-backend] [           main] c.t.d.TempleDonationBackendApplication   : No active profile set, falling back to 1 default profile: "default"
2026-08-06T23:17:13.137+05:30  INFO 17196 --- [temple-donation-backend] [           main] .s.d.r.c.RepositoryConfigurationDelegate : Bootstrapping Spring Data JPA repositories in DEFAULT mode.
2026-08-06T23:17:13.412+05:30  INFO 17196 --- [temple-donation-backend] [           main] .s.d.r.c.RepositoryConfigurationDelegate : Finished Spring Data repository scanning in 226 ms. Found 3 JPA repository interfaces.
2026-08-06T23:17:16.301+05:30  INFO 17196 --- [temple-donation-backend] [           main] o.s.boot.tomcat.TomcatWebServer          : Tomcat initialized with port 8091 (http)
2026-08-06T23:17:16.386+05:30  INFO 17196 --- [temple-donation-backend] [           main] o.apache.catalina.core.StandardService   : Starting service [Tomcat]
2026-08-06T23:17:16.387+05:30  INFO 17196 --- [temple-donation-backend] [           main] o.apache.catalina.core.StandardEngine    : Starting Servlet engine: [Apache Tomcat/11.0.22]
2026-08-06T23:17:16.576+05:30  INFO 17196 --- [temple-donation-backend] [           main] b.w.c.s.WebApplicationContextInitializer : Root WebApplicationContext: initialization completed in 7767 ms
2026-08-06T23:17:17.928+05:30  INFO 17196 --- [temple-donation-backend] [           main] org.hibernate.orm.jpa                    : HHH008540: Processing PersistenceUnitInfo [name: default]
2026-08-06T23:17:18.333+05:30  INFO 17196 --- [temple-donation-backend] [           main] org.hibernate.orm.core                   : HHH000001: Hibernate ORM core version 7.4.1.Final
2026-08-06T23:17:22.365+05:30  INFO 17196 --- [temple-donation-backend] [           main] o.s.o.j.p.SpringPersistenceUnitInfo      : No LoadTimeWeaver setup: ignoring JPA class transformer
2026-08-06T23:17:22.761+05:30  INFO 17196 --- [temple-donation-backend] [           main] com.zaxxer.hikari.HikariDataSource       : HikariPool-1 - Starting...
2026-08-06T23:17:24.008+05:30  INFO 17196 --- [temple-donation-backend] [           main] com.zaxxer.hikari.pool.HikariPool        : HikariPool-1 - Added connection org.postgresql.jdbc.PgConnection@49bb808f
2026-08-06T23:17:24.016+05:30  INFO 17196 --- [temple-donation-backend] [           main] com.zaxxer.hikari.HikariDataSource       : HikariPool-1 - Start completed.
2026-08-06T23:17:24.591+05:30  INFO 17196 --- [temple-donation-backend] [           main] org.hibernate.orm.connections.pooling    : HHH10001005: Database info:
	Database JDBC URL [jdbc:postgresql://localhost:5432/jayaguru]
	Database driver: PostgreSQL JDBC Driver
	Database dialect: PostgreSQLDialect
	Database version: 18.0
	Default catalog/schema: jayaguru/public
	Autocommit mode: undefined/unknown
	Isolation level: READ_COMMITTED [default READ_COMMITTED]
	JDBC fetch size: none
	Pool: DataSourceConnectionProvider
	Minimum pool size: undefined/unknown
	Maximum pool size: undefined/unknown
2026-08-06T23:17:34.275+05:30  INFO 17196 --- [temple-donation-backend] [           main] org.hibernate.orm.core                   : HHH000489: No JTA platform available (set 'hibernate.transaction.jta.platform' to enable JTA platform integration)
2026-08-06T23:17:34.787+05:30  INFO 17196 --- [temple-donation-backend] [           main] j.LocalContainerEntityManagerFactoryBean : Initialized JPA EntityManagerFactory for persistence unit 'default'
2026-08-06T23:17:36.428+05:30  INFO 17196 --- [temple-donation-backend] [           main] o.s.d.j.r.query.QueryEnhancerFactories   : Hibernate is in classpath; If applicable, HQL parser will be used.
2026-08-06T23:17:45.516+05:30  INFO 17196 --- [temple-donation-backend] [           main] o.s.boot.tomcat.TomcatWebServer          : Tomcat started on port 8091 (http) with context path '/'
2026-08-06T23:17:45.803+05:30  INFO 17196 --- [temple-donation-backend] [           main] c.t.d.TempleDonationBackendApplication   : Started TempleDonationBackendApplication in 40.623 seconds (process running for 45.08)
2026-08-06T23:17:58.887+05:30  INFO 17196 --- [temple-donation-backend] [nio-8091-exec-1] o.a.c.c.C.[Tomcat].[localhost].[/]       : Initializing Spring DispatcherServlet 'dispatcherServlet'
2026-08-06T23:17:58.889+05:30  INFO 17196 --- [temple-donation-backend] [nio-8091-exec-1] o.s.web.servlet.DispatcherServlet        : Initializing Servlet 'dispatcherServlet'
2026-08-06T23:17:58.895+05:30  INFO 17196 --- [temple-donation-backend] [nio-8091-exec-1] o.s.web.servlet.DispatcherServlet        : Completed initialization in 5 ms
